---
source: layered-contracts/src/tests/clause_aggregate.rs
expression: "test_clause_aggregates(r#\"ABC Corp (the \"Company\") shall deliver goods. The Company shall pay fees.\"#)"
---
ABC     Corp     (  the     "  Company  "  )     shall     deliver     goods  .     The     Company     shall     pay     fees  .
                                                 ╰───╯Scored(ContractClause { clause_id: 12, source_offset: 12, obligor: ClauseParty { display_text: "Company", chain_id: Some(1), has_verified_chain: false }, duty: ClauseDuty { obligation_type: Duty, action: "deliver goods" }, conditions: [] }, conf: 0.75)
                                                                                                        ╰───╯Scored(ContractClause { clause_id: 23, source_offset: 23, obligor: ClauseParty { display_text: "Company", chain_id: Some(1), has_verified_chain: false }, duty: ClauseDuty { obligation_type: Duty, action: "pay fees" }, conditions: [] }, conf: 0.85)
                                                 ╰───╯Scored(ClauseAggregate { aggregate_id: 1, obligor: ClauseParty { display_text: "Company", chain_id: Some(1), has_verified_chain: false }, clause_ids: [12, 23], clauses: [ClauseAggregateEntry { clause_id: 12, duty: ClauseDuty { obligation_type: Duty, action: "deliver goods" }, conditions: [], clause_confidence: 0.75 }, ClauseAggregateEntry { clause_id: 23, duty: ClauseDuty { obligation_type: Duty, action: "pay fees" }, conditions: [], clause_confidence: 0.85 }], source_start: 12, source_end: 23 }, conf: 0.75)
