---
source: layered-contracts/src/tests/pronoun.rs
expression: "test_pronouns(r#\"The Company shall deliver and it must comply.\"#)"
---
The     Company     shall     deliver     and     it     must     comply  .
                    ╰───╯Shall
                                                         ╰──╯Shall
                                                  ╰╯Scored(PronounReference { pronoun: "it", pronoun_type: ThirdSingularNeuter, candidates: [AntecedentCandidate { text: "and", is_defined_term: false, token_distance: 7, confidence: 0.51 }, AntecedentCandidate { text: "Company", is_defined_term: false, token_distance: 13, confidence: 0.39 }] }, conf: 0.51)
