---
source: layered-contracts/src/tests/clause_aggregate.rs
expression: "test_clause_aggregates(r#\"The Vendor shall deliver goods promptly.\"#)"
---
The     Vendor     shall     deliver     goods     promptly  .
                   ╰───╯Scored(ContractClause { clause_id: 4, source_offset: 4, obligor: ClauseParty { display_text: "Vendor", chain_id: None, has_verified_chain: false }, duty: ClauseDuty { obligation_type: Duty, action: "deliver goods promptly" }, conditions: [] }, conf: 0.75)
                   ╰───╯Scored(ClauseAggregate { aggregate_id: 1, obligor: ClauseParty { display_text: "Vendor", chain_id: None, has_verified_chain: false }, clause_ids: [4], clauses: [ClauseAggregateEntry { clause_id: 4, duty: ClauseDuty { obligation_type: Duty, action: "deliver goods promptly" }, conditions: [], clause_confidence: 0.75 }], source_start: 4, source_end: 4 }, conf: 0.70)
