---
source: layered-contracts/src/tests/clause_aggregate.rs
expression: "test_clause_aggregates(r#\"ABC Corp (the \"Seller\") shall deliver goods. XYZ Inc (the \"Buyer\") shall pay the price.\"#)"
---
ABC     Corp     (  the     "  Seller  "  )     shall     deliver     goods  .     XYZ     Inc     (  the     "  Buyer  "  )     shall     pay     the     price  .
                                                ╰───╯Scored(ContractClause { clause_id: 12, source_offset: 12, obligor: ClauseParty { display_text: "Seller", chain_id: None, has_verified_chain: false, confidence: 0.5, needs_review: true, review_reason: Some("Not linked to defined term") }, duty: ClauseDuty { obligation_type: Duty, action: "deliver goods" }, conditions: [] }, conf: 0.75)
                                                                                                                                 ╰───╯Scored(ContractClause { clause_id: 31, source_offset: 31, obligor: ClauseParty { display_text: "Buyer", chain_id: None, has_verified_chain: false, confidence: 0.5, needs_review: true, review_reason: Some("Not linked to defined term") }, duty: ClauseDuty { obligation_type: Duty, action: "pay the price" }, conditions: [] }, conf: 0.75)
                                                ╰───╯Scored(ClauseAggregate { aggregate_id: 1, obligor: ClauseParty { display_text: "Seller", chain_id: None, has_verified_chain: false, confidence: 0.5, needs_review: true, review_reason: Some("Not linked to defined term") }, clause_ids: [12], clauses: [ClauseAggregateEntry { clause_id: 12, duty: ClauseDuty { obligation_type: Duty, action: "deliver goods" }, conditions: [], clause_confidence: 0.75 }], source_start: 12, source_end: 12 }, conf: 0.70)
                                                                                                                                 ╰───╯Scored(ClauseAggregate { aggregate_id: 2, obligor: ClauseParty { display_text: "Buyer", chain_id: None, has_verified_chain: false, confidence: 0.5, needs_review: true, review_reason: Some("Not linked to defined term") }, clause_ids: [31], clauses: [ClauseAggregateEntry { clause_id: 31, duty: ClauseDuty { obligation_type: Duty, action: "pay the price" }, conditions: [], clause_confidence: 0.75 }], source_start: 31, source_end: 31 }, conf: 0.70)
