---
source: layered-contracts/src/tests/clause_aggregate.rs
expression: "test_clause_aggregates(r#\"ABC Corp (the \"Company\") shall deliver goods.\"#)"
---
ABC     Corp     (  the     "  Company  "  )     shall     deliver     goods  .
                                                 ╰───╯Scored(ContractClause { clause_id: 12, source_offset: 12, obligor: ClauseParty { display_text: "Company", chain_id: None, has_verified_chain: false }, duty: ClauseDuty { obligation_type: Duty, action: "deliver goods" }, conditions: [] }, conf: 0.75)
                                                 ╰───╯Scored(ClauseAggregate { aggregate_id: 1, obligor: ClauseParty { display_text: "Company", chain_id: None, has_verified_chain: false }, clause_ids: [12], clauses: [ClauseAggregateEntry { clause_id: 12, duty: ClauseDuty { obligation_type: Duty, action: "deliver goods" }, conditions: [], clause_confidence: 0.75 }], source_start: 12, source_end: 12 }, conf: 0.70)
