---
source: layered-contracts/src/tests/obligation.rs
expression: "test_obligations(r#\"ABC Corp (the \"Company\") may terminate this Agreement.\"#)"
---
ABC     Corp     (  the     "  Company  "  )     may     terminate     this     Agreement  .
                                                 ╰─╯May
                 ╰─────────────────────────╯Scored(DefinedTerm { term_name: "Company", definition_type: Parenthetical }, conf: 0.90)
                                                                       ╰──╯Scored(PronounReference { pronoun: "this", pronoun_type: Relative, candidates: [AntecedentCandidate { text: "Company", is_defined_term: true, token_distance: 9, confidence: 0.87 }, AntecedentCandidate { text: "may", is_defined_term: false, token_distance: 7, confidence: 0.51 }, AntecedentCandidate { text: "ABC", is_defined_term: false, token_distance: 19, confidence: 0.45000000000000007 }, AntecedentCandidate { text: "Corp", is_defined_term: false, token_distance: 17, confidence: 0.45000000000000007 }] }, conf: 0.67)
                                                 ╰─╯Scored(ObligationPhrase { obligor: NounPhrase { text: "Company" }, obligation_type: Permission, action: "terminate this Agreement", conditions: [] }, conf: 0.75)
                                                   └─@obligor_source─>[8..8]
                                                   └─#action_span─>[12..18]
