---
source: layered-contracts/src/tests/accountability_graph.rs
expression: "test_graph_with_verified(r#\"XYZ Inc (the \"Buyer\") exists. ABC Corp (the \"Seller\") shall deliver goods to the Buyer.\"#)"
---
XYZ     Inc     (  the     "  Buyer  "  )     exists  .     ABC     Corp     (  the     "  Seller  "  )     shall     deliver     goods     to     the     Buyer  .
                                                                                                            ╰───╯Scored(ContractClause { clause_id: 27, source_offset: 27, obligor: ClauseParty { display_text: "Seller", chain_id: None, has_verified_chain: false }, duty: ClauseDuty { obligation_type: Duty, action: "deliver goods to the Buyer" }, conditions: [] }, conf: 0.75)
                                                                                                            ╰───╯Scored(ClauseAggregate { aggregate_id: 1, obligor: ClauseParty { display_text: "Seller", chain_id: None, has_verified_chain: false }, clause_ids: [27], clauses: [ClauseAggregateEntry { clause_id: 27, duty: ClauseDuty { obligation_type: Duty, action: "deliver goods to the Buyer" }, conditions: [], clause_confidence: 0.75 }], source_start: 27, source_end: 27 }, conf: 0.70)
                                                                                                            ╰───╯Scored(ObligationNode { node_id: 1, aggregate_id: 1, obligor: ClauseParty { display_text: "Seller", chain_id: None, has_verified_chain: false }, beneficiaries: [BeneficiaryLink { display_text: "the Buyer", chain_id: Some(1), has_verified_chain: true, needs_verification: false, source_clause_id: 27 }], condition_links: [], clauses: [ClauseAggregateEntry { clause_id: 27, duty: ClauseDuty { obligation_type: Duty, action: "deliver goods to the Buyer" }, conditions: [], clause_confidence: 0.75 }], verification_notes: [], confidence_breakdown: ["Layer8 aggregate: 0.70", "Verified beneficiary bonus: +0.05", "Layer9 result: 0.75"] }, conf: 0.75)
