---
source: layered-contracts/src/tests/clause_aggregate.rs
expression: "test_clause_aggregates(r#\"ABC Corp (the \"Company\") shall deliver goods promptly, and upon request of any regulator shall provide detailed compliance reports, and after termination of this Agreement shall maintain records for seven years.\"#)"
---
ABC     Corp     (  the     "  Company  "  )     shall     deliver     goods     promptly  ,     and     upon     request     of     any     regulator     shall     provide     detailed     compliance     reports  ,     and     after     termination     of     this     Agreement     shall     maintain     records     for     seven     years  .
                                                 ╰───╯Scored(ContractClause { clause_id: 12, source_offset: 12, obligor: ClauseParty { display_text: "Company", chain_id: Some(1), has_verified_chain: false }, duty: ClauseDuty { obligation_type: Duty, action: "deliver goods promptly" }, conditions: [ClauseCondition { condition_type: If, text: "request of any regulator", mentions_unknown_entity: false }] }, conf: 0.75)
                                                                                                                                                           ╰───╯Scored(ContractClause { clause_id: 33, source_offset: 33, obligor: ClauseParty { display_text: "Company", chain_id: Some(1), has_verified_chain: false }, duty: ClauseDuty { obligation_type: Duty, action: "provide detailed compliance reports" }, conditions: [ClauseCondition { condition_type: If, text: "request of any regulator", mentions_unknown_entity: false }] }, conf: 0.75)
                                                                                                                                                                                                                                                                                            ╰───╯Scored(ContractClause { clause_id: 56, source_offset: 56, obligor: ClauseParty { display_text: "Company", chain_id: Some(1), has_verified_chain: false }, duty: ClauseDuty { obligation_type: Duty, action: "maintain records for seven years" }, conditions: [] }, conf: 0.90)
                                                 ╰───╯Scored(ClauseAggregate { aggregate_id: 1, obligor: ClauseParty { display_text: "Company", chain_id: Some(1), has_verified_chain: false }, clause_ids: [12, 33, 56], clauses: [ClauseAggregateEntry { clause_id: 12, duty: ClauseDuty { obligation_type: Duty, action: "deliver goods promptly" }, conditions: [ClauseCondition { condition_type: If, text: "request of any regulator", mentions_unknown_entity: false }], clause_confidence: 0.75 }, ClauseAggregateEntry { clause_id: 33, duty: ClauseDuty { obligation_type: Duty, action: "provide detailed compliance reports" }, conditions: [ClauseCondition { condition_type: If, text: "request of any regulator", mentions_unknown_entity: false }], clause_confidence: 0.75 }, ClauseAggregateEntry { clause_id: 56, duty: ClauseDuty { obligation_type: Duty, action: "maintain records for seven years" }, conditions: [], clause_confidence: 0.9 }], source_start: 12, source_end: 56 }, conf: 0.65)
