---
source: layered-contracts/src/tests/accountability_graph.rs
expression: "test_graph(r#\"XYZ Inc (the \"Buyer\") exists. ABC Corp (the \"Seller\") shall deliver goods to the Buyer.\"#)"
---
XYZ     Inc     (  the     "  Buyer  "  )     exists  .     ABC     Corp     (  the     "  Seller  "  )     shall     deliver     goods     to     the     Buyer  .
                ╰───────────────────────╯Scored(PronounChain { chain_id: 1, canonical_name: "Buyer", is_defined_term: true, mentions: [ChainMention { text: "Buyer", mention_type: Definition, confidence: 0.9, token_offset: 4 }, ChainMention { text: "Buyer", mention_type: TermReference, confidence: 0.9500000000000001, token_offset: 37 }], has_verified_mention: false }, conf: 0.95)
                                                                                                            ╰───╯Scored(ContractClause { clause_id: 27, source_offset: 27, obligor: ClauseParty { display_text: "Seller", chain_id: None, has_verified_chain: false, confidence: 0.5, needs_review: true, review_reason: Some("Not linked to defined term") }, duty: ClauseDuty { obligation_type: Duty, action: "deliver goods to the Buyer" }, conditions: [] }, conf: 0.75)
                                                                                                            ╰───╯Scored(ClauseAggregate { aggregate_id: 1, obligor: ClauseParty { display_text: "Seller", chain_id: None, has_verified_chain: false, confidence: 0.5, needs_review: true, review_reason: Some("Not linked to defined term") }, clause_ids: [27], clauses: [ClauseAggregateEntry { clause_id: 27, duty: ClauseDuty { obligation_type: Duty, action: "deliver goods to the Buyer" }, conditions: [], clause_confidence: 0.75 }], source_start: 27, source_end: 27 }, conf: 0.70)
                                                                                                            ╰───╯Scored(ObligationNode { node_id: 1, aggregate_id: 1, obligor: ClauseParty { display_text: "Seller", chain_id: None, has_verified_chain: false, confidence: 0.5, needs_review: true, review_reason: Some("Not linked to defined term") }, beneficiaries: [BeneficiaryLink { display_text: "the Buyer", chain_id: Some(1), has_verified_chain: false, needs_verification: false, source_clause_id: 27, confidence: 0.6, needs_review: false, review_reason: None }], condition_links: [], clauses: [ClauseAggregateEntry { clause_id: 27, duty: ClauseDuty { obligation_type: Duty, action: "deliver goods to the Buyer" }, conditions: [], clause_confidence: 0.75 }], verification_notes: [], confidence_breakdown: ["Layer8 aggregate: 0.70", "Layer9 result: 0.70"], node_confidence: 0.7, obligor_needs_review: false, obligor_review_reason: None }, conf: 0.70)
