---
source: layered-contracts/src/tests/clause_aggregate.rs
expression: "test_clause_aggregates(r#\"ABC Corp (the \"Company\") shall deliver goods and shall pay any applicable fees.\"#)"
---
ABC     Corp     (  the     "  Company  "  )     shall     deliver     goods     and     shall     pay     any     applicable     fees  .
                                                 ╰───╯Scored(ContractClause { clause_id: 12, source_offset: 12, obligor: ClauseParty { display_text: "Company", chain_id: None, has_verified_chain: false, confidence: 0.5, needs_review: true, review_reason: Some("Not linked to defined term") }, duty: ClauseDuty { obligation_type: Duty, action: "deliver goods" }, conditions: [] }, conf: 0.75)
                                                                                         ╰───╯Scored(ContractClause { clause_id: 20, source_offset: 20, obligor: ClauseParty { display_text: "Company", chain_id: None, has_verified_chain: false, confidence: 0.5, needs_review: true, review_reason: Some("Not linked to defined term") }, duty: ClauseDuty { obligation_type: Duty, action: "pay any applicable fees" }, conditions: [] }, conf: 0.75)
                                                 ╰───╯Scored(ClauseAggregate { aggregate_id: 1, obligor: ClauseParty { display_text: "Company", chain_id: None, has_verified_chain: false, confidence: 0.5, needs_review: true, review_reason: Some("Not linked to defined term") }, clause_ids: [12, 20], clauses: [ClauseAggregateEntry { clause_id: 12, duty: ClauseDuty { obligation_type: Duty, action: "deliver goods" }, conditions: [], clause_confidence: 0.75 }, ClauseAggregateEntry { clause_id: 20, duty: ClauseDuty { obligation_type: Duty, action: "pay any applicable fees" }, conditions: [], clause_confidence: 0.75 }], source_start: 12, source_end: 20 }, conf: 0.70)
