---
source: layered-contracts/src/tests/pronoun.rs
expression: "test_pronouns(r#\"Jane Smith (the \"Advisor\") agrees. She shall consult.\"#)"
---
Jane     Smith     (  the     "  Advisor  "  )     agrees  .     She     shall     consult  .
                                                                         ╰───╯Shall
                   ╰─────────────────────────╯Scored(DefinedTerm { term_name: "Advisor", definition_type: Parenthetical }, conf: 0.90)
                                                                 ╰─╯Scored(PronounReference { pronoun: "She", pronoun_type: ThirdSingularFeminine, candidates: [AntecedentCandidate { text: "Advisor", is_defined_term: true, token_distance: 10, confidence: 0.85 }, AntecedentCandidate { text: "Jane", is_defined_term: false, token_distance: 20, confidence: 0.45000000000000007 }, AntecedentCandidate { text: "Smith", is_defined_term: false, token_distance: 18, confidence: 0.45000000000000007 }] }, conf: 0.65)
